Solver command line: []

Read LP format model from file /tmp/tmpupggy7cq.pyomo.lp
Reading time = 7.40 seconds
x1: 2698274 rows, 2733409 columns, 7675132 nonzeros
Gurobi Optimizer version 12.0.1 build v12.0.1rc0 (linux64 - "Linux Mint 21.3")

CPU model: AMD Ryzen 5 3500U with Radeon Vega Mobile Gfx, instruction set [SSE2|AVX|AVX2]
Thread count: 4 physical cores, 8 logical processors, using up to 8 threads

Academic license 2635158 - for non-commercial use only - registered to di___@gmail.com
Optimize a model with 2698274 rows, 2733409 columns and 7675132 nonzeros
Model fingerprint: 0x39266513
Coefficient statistics:
  Matrix range     [1e-06, 2e+01]
  Objective range  [9e-03, 7e+05]
  Bounds range     [2e-01, 1e+08]
  RHS range        [5e-04, 4e+06]
Presolve removed 1184867 rows and 1290000 columns (presolve time = 5s)...
Presolve removed 1445585 rows and 1550702 columns (presolve time = 10s)...
Presolve removed 1445585 rows and 1550702 columns
Presolve time: 10.51s
Presolved: 1252689 rows, 1182707 columns, 4519121 nonzeros

Concurrent LP optimizer: dual simplex and barrier
Showing barrier log only...

Ordering time: 3.83s

Barrier statistics:
 Dense cols : 107
 AA' NZ     : 3.994e+06
 Factor NZ  : 2.653e+07 (roughly 1.2 GB of memory)
 Factor Ops : 1.524e+09 (roughly 1 second per iteration)
 Threads    : 3

                  Objective                Residual
Iter       Primal          Dual         Primal    Dual     Compl     Time
   0   8.72300746e+16 -1.30265859e+18  1.68e+14 1.86e+02  7.04e+14    19s
   1   8.00963146e+16 -1.85659751e+18  1.42e+14 6.29e+04  5.70e+14    20s
   2   7.47793094e+16 -1.37662944e+18  1.28e+14 4.06e+04  4.46e+14    22s
   3   7.03624495e+16 -1.58439462e+18  1.12e+14 1.42e+04  2.90e+14    24s
   4   5.58698527e+16 -1.46293282e+18  6.94e+13 4.86e+03  1.61e+14    26s
   5   4.90269667e+16 -1.33187326e+18  3.89e+13 2.70e+03  9.12e+13    29s
   6   4.64291297e+16 -1.22030773e+18  2.51e+13 1.30e+03  5.66e+13    31s
   7   4.45280623e+16 -1.13195731e+18  1.52e+13 6.29e+02  3.39e+13    33s
   8   4.25509031e+16 -1.03386872e+18  7.97e+12 2.96e+02  1.78e+13    34s
   9   4.30208040e+16 -8.78382019e+17  2.56e+12 1.09e+02  6.03e+12    36s
  10   4.18457361e+16 -6.56233240e+17  1.80e+12 3.47e+01  3.91e+12    37s
  11   4.18929970e+16 -6.19788944e+17  1.49e+12 3.02e+01  3.28e+12    38s
  12   4.17281513e+16 -5.84716952e+17  1.43e+12 2.64e+01  3.10e+12    40s
  13   4.01280499e+16 -4.13340535e+17  1.19e+12 1.03e+01  2.44e+12    41s
  14   2.97517525e+16 -2.12007589e+17  3.66e+11 9.74e-01  7.08e+11    43s
  15   1.68810104e+16 -7.10167720e+16  1.23e+11 9.92e-02  2.31e+11    45s
  16   1.28165821e+16 -3.05243446e+16  5.36e+10 1.29e-01  1.01e+11    47s
  17   1.17486478e+16 -1.08345137e+16  4.87e+10 2.82e-01  8.60e+10    48s
  18   4.63398700e+15 -8.38643972e+14  1.54e+10 6.84e-02  2.65e+10    50s
  19   2.04552125e+15 -2.97219037e+14  4.30e+09 6.60e-02  7.77e+09    51s
  20   8.62117031e+14 -8.92965699e+13  1.12e+09 2.43e-02  2.13e+09    52s
  21   2.84843472e+14 -7.57639834e+13  2.82e+08 1.76e-02  5.56e+08    54s
  22   1.16841337e+14 -4.57622797e+13  7.32e+07 2.12e-02  1.48e+08    55s
  23   8.27198868e+13 -2.48250749e+13  3.42e+07 3.52e-02  6.47e+07    57s
  24   4.30932219e+13 -1.02227322e+13  2.68e+06 3.38e-02  8.06e+06    58s
  25   3.64524188e+13 -2.29135180e+12  1.24e+06 1.92e-02  2.63e+06    60s
  26   3.16689098e+13 -7.05430689e+11  6.70e+05 9.68e-03  1.17e+06    62s
  27   5.28516661e+13 -4.21907136e+11  4.47e+05 6.40e-02  1.08e+07    63s
  28   4.93680525e+13 -8.23888262e+10  2.86e+05 9.59e-03  1.01e+06    65s
  29   4.45843716e+13 -3.75832564e+10  1.30e+05 7.68e-03  2.74e+05    66s
  30   4.10637688e+13 -2.50230148e+10  7.55e+04 7.69e-03  1.30e+05    68s
  31   3.67834154e+13 -9.89009435e+09  3.66e+04 7.69e-03  4.96e+04    70s
  32   2.99050814e+13 -4.51560756e+09  6.01e+03 7.69e-03  1.01e+04    72s
  33   2.93196341e+13 -3.59510316e+09  5.58e+03 7.64e-03  8.92e+03    73s
  34   2.82534483e+13 -2.88098024e+09  4.85e+03 5.11e-03  7.53e+03    75s
  35   2.68663909e+13 -1.61397171e+09  4.03e+03 6.53e-03  5.61e+03    76s
  36   1.93809987e+13 -1.38316124e+09  3.23e+02 6.71e-03  9.71e+02    78s
  37   1.68347243e+13 -5.26253911e+08  2.16e+02 7.08e-03  5.09e+02    80s
  38   1.53608919e+13 -4.61134016e+08  1.73e+02 7.11e-03  4.39e+02    81s
  39   1.27844424e+13 -2.20729108e+08  1.08e+02 7.25e-03  2.74e+02    82s
  40   1.13476172e+13 -1.78598434e+08  8.57e+01 7.26e-03  2.35e+02    84s
  41   9.22252148e+12 -9.47850057e+07  6.32e+01 7.28e-03  1.71e+02    85s
  42   6.70938473e+12 -4.26019432e+07  4.35e+01 7.24e-03  1.17e+02    87s
  43   1.00590127e+13 -1.13222680e+07  4.20e+01 7.11e-03  4.48e+04    90s
  44   8.11232880e+12 -1.70135062e+07  3.18e+01 6.68e-03  3.39e+04    92s
  45   4.96435430e+12 -8.01670977e+07  1.88e+01 4.85e-03  2.06e+04    94s
  46   4.74412587e+12 -5.83541127e+07  1.81e+01 4.84e-03  3.75e+04    98s
  47   4.58374377e+12 -5.79151904e+07  1.73e+01 4.80e-03  6.13e+04    99s
  48   4.29712287e+12 -5.47265101e+07  1.61e+01 4.75e-03  6.99e+04   101s
  49   4.14218243e+12 -5.52077067e+07  1.52e+01 4.75e-03  7.06e+04   102s
  50   4.02211100e+12 -5.16873399e+07  1.44e+01 4.93e-03  6.94e+04   104s
  51   3.49808080e+12 -1.55915673e+08  1.07e+01 1.03e-02  4.62e+04   106s
  52   1.22510455e+13 -3.04078046e+08  2.40e+00 1.12e-02  6.95e+05   109s
  53   1.10929224e+13 -1.79805918e+09  1.98e+00 7.42e-03  5.62e+05   113s
  54   6.60879510e+12 -4.15864772e+09  5.93e-01 4.65e-03  2.38e+05   117s
  55   5.60290111e+12 -1.61293749e+09  4.55e-01 2.55e-03  3.04e+05   121s
  56   4.96646448e+12 -2.47469887e+09  1.32e-01 1.93e-03  4.36e+05   127s
  57   3.77496261e+12 -7.81984352e+08  3.47e-05 1.93e-03  2.19e+05   130s
  58   3.13136698e+12 -7.53450864e+08  4.89e-06 1.93e-03  2.20e+04   132s
  59   3.05282051e+12 -2.21342894e+08  4.09e-07 1.93e-03  2.12e+03   134s
  60   3.04393106e+12 -1.43720330e+08  2.05e-07 1.93e-03  1.14e+03   136s
  61   3.04026611e+12 -1.35609972e+08  1.56e-07 1.93e-03  9.04e+02   138s
  62   3.03616241e+12 -1.64345940e+07  1.12e-07 1.93e-03  6.37e+02   139s
  63   3.02829891e+12 -1.27951218e+07  6.02e-08 1.93e-03  3.07e+02   141s
  64   3.02432908e+12  7.50654990e+06  5.39e-08 1.93e-03  2.21e+02   143s
  65   3.02185249e+12  9.52634513e+06  7.35e-08 1.93e-03  1.85e+02   145s
  66   3.01864909e+12  3.86386543e+07  5.19e-08 1.93e-03  1.37e+02   147s
  67   3.01560888e+12  5.00381246e+07  9.23e-08 1.93e-03  1.05e+02   150s
  68   3.01379989e+12  5.91372528e+07  9.76e-08 1.93e-03  8.94e+01   153s
  69   3.01184887e+12  6.43601667e+07  3.51e-08 1.93e-03  7.61e+01   156s
  70   3.00876118e+12  6.94508918e+07  2.98e-08 1.93e-03  5.88e+01   159s
  71   3.00600147e+12  7.48325267e+07  2.95e-08 1.93e-03  4.63e+01   162s
  72   3.00440889e+12  8.11677483e+07  3.14e-08 1.93e-03  3.91e+01   164s
  73   3.00094143e+12  8.39903626e+07  1.36e-08 1.93e-03  2.92e+01   167s
  74   2.99662676e+12  8.75581541e+07  4.41e-08 1.93e-03  1.99e+01   170s
  75   2.99361783e+12  9.18361588e+07  4.10e-08 1.93e-03  1.43e+01   172s
  76   2.98887278e+12  9.35285468e+07  1.25e-08 1.93e-03  9.09e+00   176s
  77   2.98759523e+12  9.45058214e+07  2.98e-08 1.93e-03  7.90e+00   178s
  78   2.98520560e+12  9.51478024e+07  2.56e-08 1.93e-03  6.37e+00   181s
  79   2.98248457e+12  9.61297640e+07  3.48e-08 1.93e-03  4.80e+00   184s
  80   2.97928040e+12  9.64802418e+07  5.12e-09 1.93e-03  3.55e+00   187s
  81   2.97565638e+12  9.67676742e+07  4.96e-08 1.93e-03  2.51e+00   189s
  82   2.97540225e+12  9.68253441e+07  3.61e-08 1.93e-03  2.44e+00   192s
  83   2.97199890e+12  9.69852656e+07  3.05e-08 1.93e-03  1.77e+00   194s
  84   2.96872385e+12  9.71368032e+07  2.93e-08 1.93e-03  1.29e+00   197s
  85   2.96438130e+12  9.72038462e+07  3.82e-08 1.93e-03  8.42e-01   200s
  86   2.96167785e+12  9.72445401e+07  3.07e-08 1.93e-03  6.56e-01   202s
  87   2.96106965e+12  9.72544037e+07  3.66e-08 1.93e-03  6.22e-01   205s
  88   2.96030718e+12  9.72612267e+07  3.50e-08 1.93e-03  5.84e-01   207s
  89   2.95948118e+12  9.72715002e+07  2.17e-08 1.93e-03  5.44e-01   209s
  90   2.95643056e+12  9.72843833e+07  2.46e-08 1.93e-03  4.14e-01   211s
  91   2.95547674e+12  9.72926125e+07  2.75e-08 1.93e-03  3.80e-01   214s
  92   2.95461701e+12  9.72988777e+07  3.70e-08 1.93e-03  3.54e-01   217s
  93   2.95241613e+12  9.73079861e+07  3.65e-08 1.93e-03  2.92e-01   219s
  94   2.94989880e+12  9.73132671e+07  3.48e-08 1.93e-03  2.34e-01   222s
  95   2.94817343e+12  9.73170683e+07  4.89e-05 1.93e-03  2.02e-01   224s
  96   2.94729896e+12  9.73191944e+07  8.30e-05 1.93e-03  1.88e-01   227s
  97   2.94444543e+12  9.73237358e+07  1.95e-04 1.93e-03  1.46e-01   230s
  98   2.94161159e+12  9.73287396e+07  3.15e-04 1.93e-03  1.14e-01   233s
  99   2.93810687e+12  9.73331062e+07  4.56e-04 1.93e-03  8.33e-02   236s
 100   2.93572511e+12  9.73402409e+07  5.07e-04 1.93e-03  6.66e-02   238s
 101   2.93251599e+12  9.73428625e+07  5.13e-04 1.93e-03  5.00e-02   241s
 102   2.92862542e+12  9.73464803e+07  4.93e-04 1.93e-03  3.47e-02   244s
 103   2.92555898e+12  9.73502878e+07  4.50e-04 1.93e-03  2.58e-02   247s
 104   2.92289921e+12  9.73514689e+07  3.99e-04 1.93e-03  2.04e-02   249s
 105   2.92051761e+12  9.73520629e+07  3.56e-04 1.93e-03  1.66e-02   252s
 106   2.91712313e+12  9.73527175e+07  3.00e-04 1.93e-03  1.23e-02   255s
 107   2.91400001e+12  9.73537186e+07  2.58e-04 1.93e-03  9.24e-03   258s
 108   2.90803435e+12  9.73542209e+07  1.97e-04 1.93e-03  5.17e-03   260s
 109   2.90424314e+12  9.73550817e+07  2.02e-04 1.93e-03  3.55e-03   263s
 110   2.89951319e+12  9.73554284e+07  1.88e-04 1.93e-03  2.29e-03   266s
 111   2.89762871e+12  9.73558171e+07  1.78e-04 1.93e-03  1.87e-03   269s
 112   2.89746297e+12  9.73558483e+07  1.77e-04 1.93e-03  2.02e-02   272s
 113   2.89441224e+12  9.73555182e+07  1.14e-04 1.93e-03  1.11e-01   274s
 114   2.89393168e+12  9.73551070e+07  8.66e-05 1.93e-03  1.45e-01   276s
 115   2.89391233e+12  9.73551753e+07  8.66e-05 1.80e-03  1.73e-01   280s
 116   2.89244720e+12  9.73551787e+07  5.85e-05 1.69e-03  1.68e-01   282s
 117   2.88002587e+12  9.73552228e+07  4.50e-05 1.58e-03  1.73e-01   285s

Barrier performed 117 iterations in 284.87 seconds (107.64 work units)
Numerical trouble encountered

Model may be infeasible or unbounded.  Consider using the
homogeneous algorithm (through parameter 'BarHomogeneous')

Waiting for other threads to finish...         350s
Waiting for other threads to finish...         415s
Waiting for other threads to finish...         479s
Waiting for other threads to finish...         544s
Waiting for other threads to finish...         608s
Waiting for other threads to finish...         673s
Waiting for other threads to finish...         738s
Waiting for other threads to finish...         802s
Waiting for other threads to finish...         867s
Waiting for other threads to finish...         932s
Waiting for other threads to finish...         996s
Waiting for other threads to finish...        1061s
Waiting for other threads to finish...        1126s
Waiting for other threads to finish...        1190s
Waiting for other threads to finish...        1254s

Solved with dual simplex
Iteration    Objective       Primal Inf.    Dual Inf.      Time
  998045    9.7356714e+07   0.000000e+00   0.000000e+00   1270s

Solved in 998045 iterations and 1269.55 seconds (1180.90 work units)
Optimal objective  9.735671415e+07

